2025-01-27T16:14:22.012837400 - [Player: username] [Time: 2025-01-27T16:14:22.006836500] 
2025-01-27T16:17:13.616151500 - [Player: username] [Time: 2025-01-27T16:17:13.608517800] 
2025-01-27T16:17:35.967979800 - [Player: krisi] [Time: 2025-01-27T16:17:35.967473100] --card-id=629018aa-62fe-4270-aa42-621e14bd7e40
2025-01-27T16:17:41.858792700 - [Player: krisi] [Time: 2025-01-27T16:17:41.858792700] 
2025-01-27T16:17:55.515847600 - [Player: krisi] [Time: 2025-01-27T16:17:55.515847600] 
2025-01-27T16:18:13.517699900 - [Player: username] [Time: 2025-01-27T16:18:13.516699400] --card-id=54edfd9a-7b8f-4384-8295-9a48005d7b45
2025-01-27T16:18:19.460231900 - [Player: username] [Time: 2025-01-27T16:18:19.459233400] 
2025-01-27T17:35:29.428476800 - [Player: krisi] [Time: 2025-01-27T17:35:29.418939400] 
2025-01-27T17:37:46.737671300 - [Player: username] [Time: 2025-01-27T17:37:46.716575400] 
2025-01-27T17:43:02.571135600 - [Player: username] [Time: 2025-01-27T17:43:02.555525400] 
2025-01-28T12:27:27.085059200 - [Player: krisi] [Time: 2025-01-28T12:27:27.082037900] --card-id=ab8b60f8-21a8-4d8a-aaea-d12d17b1b713
2025-01-28T12:27:45.431400400 - [Player: krisi] [Time: 2025-01-28T12:27:45.430402900] --card-id=ec13a021-0d97-4483-ae94-bd3cc310c57c
2025-01-28T12:28:02.171511500 - [Player: username] [Time: 2025-01-28T12:28:02.170438600] --card-id=4cd5c683-13c0-47e7-9ac8-032439d3f73e
2025-01-28T12:28:18.980955500 - [Player: username] [Time: 2025-01-28T12:28:18.979955800] 
2025-01-28T12:28:32.480035900 - [Player: username] [Time: 2025-01-28T12:28:32.480035900] 
2025-01-28T12:28:51.178857400 - [Player: username] [Time: 2025-01-28T12:28:51.177696800] 
2025-01-28T12:29:01.416144600 - [Player: krisi] [Time: 2025-01-28T12:29:01.415144600] --card-id=8ff3649a-d808-487f-af4c-b740e883e3c5
2025-01-28T12:29:12.734087800 - [Player: username] [Time: 2025-01-28T12:29:12.733087100] --card-id=61c55ec4-f925-434b-8e7b-4917092f5a20
2025-01-28T12:29:25.085743100 - [Player: krisi] [Time: 2025-01-28T12:29:25.084455100] --card-id=b7b43113-aa26-4ffc-a539-2ca748a10bc9
2025-01-28T12:29:32.419603 - [Player: krisi] [Time: 2025-01-28T12:29:32.419603] 
2025-01-28T12:29:45.718710700 - [Player: username] [Time: 2025-01-28T12:29:45.718710700] --card-id=ce4357e0-22c3-4d60-a3f5-59e24e5c78c1
2025-01-28T12:30:07.633688200 - [Player: username] [Time: 2025-01-28T12:30:07.633688200] 
2025-01-28T12:30:35.670588300 - [Player: krisi] [Time: 2025-01-28T12:30:35.670588300] --card-id=1016533b-25bf-4df1-b635-dfaf25942e2a
2025-01-28T12:30:56.958268900 - [Player: krisi] [Time: 2025-01-28T12:30:56.958268900] --card-id=7dc2c237-a6a3-4222-9051-81dcfe25f8b4
2025-01-28T12:31:06.721546700 - [Player: username] [Time: 2025-01-28T12:31:06.721546700] --card-id=f799467c-1029-48cb-b8b1-3271a5a81372
2025-01-28T12:31:13.764130300 - [Player: username] [Time: 2025-01-28T12:31:13.763131500] 
2025-01-28T12:31:26.184201400 - [Player: krisi] [Time: 2025-01-28T12:31:26.184201400] --card-id=49f6490b-3809-4dc2-b565-3674f7f48e89
2025-01-28T12:31:40.107549600 - [Player: krisi] [Time: 2025-01-28T12:31:40.106549] 
2025-01-28T12:31:47.830344500 - [Player: username] [Time: 2025-01-28T12:31:47.830344500] --card-id=0fa5794d-9691-4815-b933-943b50507318
2025-01-28T12:32:15.170204600 - [Player: username] [Time: 2025-01-28T12:32:15.169413400] 
2025-01-28T12:32:55.200140700 - [Player: krisi] [Time: 2025-01-28T12:32:55.200140700] --card-id=9f6876c2-5e34-4382-87e4-02fd0f164063 --color=red
