2025-01-28T23:13:47.310522300 - [Player: username1] [Time: 2025-01-28T23:13:47.310522300] --card-id=d11b0 --color=red
2025-01-30T13:43:32.608376900 - [Player: krisi] [Time: 2025-01-30T13:43:32.608376900] --card-id=edb0a
2025-01-30T13:44:05.575158700 - [Player: krisi] [Time: 2025-01-30T13:44:05.574159100] 
2025-01-30T13:44:15.631817400 - [Player: username] [Time: 2025-01-30T13:44:15.631817400] --card-id=af32b
2025-01-30T13:44:19.591493300 - [Player: krisi] [Time: 2025-01-30T13:44:19.590492] 
2025-01-30T13:44:23.664207500 - [Player: krisi] [Time: 2025-01-30T13:44:23.664207500] 
2025-01-30T13:44:40.360572500 - [Player: krisi] [Time: 2025-01-30T13:44:40.360572500] --card-id=026f8
2025-01-30T13:44:46.433698400 - [Player: krisi] [Time: 2025-01-30T13:44:46.433698400] 
2025-01-30T13:45:08.349959400 - [Player: krisi] [Time: 2025-01-30T13:45:08.349959400] 
2025-01-30T13:45:13.727941600 - [Player: username] [Time: 2025-01-30T13:45:13.727941600] 
2025-01-30T13:45:20.411266200 - [Player: username] [Time: 2025-01-30T13:45:20.410267200] --card-id=8d7c3
2025-01-30T13:45:29.906751800 - [Player: krisi] [Time: 2025-01-30T13:45:29.906751800] 
2025-01-30T13:45:35.171134100 - [Player: krisi] [Time: 2025-01-30T13:45:35.171134100] 
2025-01-30T13:45:57.830427200 - [Player: username] [Time: 2025-01-30T13:45:57.830427200] --card-id=d8890
2025-01-30T13:46:15.494324 - [Player: krisi] [Time: 2025-01-30T13:46:15.493326300] 
2025-01-30T13:48:09.600924700 - [Player: krisi] [Time: 2025-01-30T13:48:09.600924700] 
2025-01-30T13:48:16.710776500 - [Player: username] [Time: 2025-01-30T13:48:16.710776500] 
2025-01-30T13:48:20.535664 - [Player: username] [Time: 2025-01-30T13:48:20.535664] 
2025-01-30T13:48:27.308829 - [Player: krisi] [Time: 2025-01-30T13:48:27.308829] 
2025-01-30T13:48:32.663538900 - [Player: krisi] [Time: 2025-01-30T13:48:32.663538900] 
2025-01-30T13:48:39.122952200 - [Player: username] [Time: 2025-01-30T13:48:39.122952200] 
2025-01-30T13:48:45.264539700 - [Player: krisi] [Time: 2025-01-30T13:48:45.263938600] 
2025-01-30T13:48:50.146146900 - [Player: krisi] [Time: 2025-01-30T13:48:50.146146900] 
2025-01-30T13:48:57.684425900 - [Player: username] [Time: 2025-01-30T13:48:57.684425900] --card-id=9d5cc
2025-01-30T13:49:05.402991100 - [Player: username] [Time: 2025-01-30T13:49:05.402991100] 
2025-01-30T13:49:15.888105600 - [Player: krisi] [Time: 2025-01-30T13:49:15.888105600] 
2025-01-30T13:49:25.497870600 - [Player: krisi] [Time: 2025-01-30T13:49:25.497870600] 
2025-01-30T13:49:40.570490200 - [Player: username] [Time: 2025-01-30T13:49:40.570490200] --card-id=d8e4c
2025-01-30T13:49:45.858771200 - [Player: krisi] [Time: 2025-01-30T13:49:45.857771300] 
2025-01-30T13:49:51.168636800 - [Player: krisi] [Time: 2025-01-30T13:49:51.167181600] 
2025-01-30T13:57:32.349164800 - [Player: krisi] [Time: 2025-01-30T13:57:32.349164800] --card-id=a6bd1
2025-01-30T13:57:40.650506 - [Player: krisi] [Time: 2025-01-30T13:57:40.650506] --card-id=5a86b
2025-01-30T13:57:44.250428900 - [Player: krisi] [Time: 2025-01-30T13:57:44.250428900] 
2025-01-30T13:57:50.168702800 - [Player: username] [Time: 2025-01-30T13:57:50.168702800] --card-id=35b7e
2025-01-30T13:57:57.661974300 - [Player: username] [Time: 2025-01-30T13:57:57.661974300] 
2025-01-30T13:58:08.798154700 - [Player: username] [Time: 2025-01-30T13:58:08.798154700] 
2025-01-30T13:58:15.953425500 - [Player: krisi] [Time: 2025-01-30T13:58:15.953425500] 
2025-01-30T13:58:21.242053 - [Player: krisi] [Time: 2025-01-30T13:58:21.241044400] 
2025-01-30T13:58:28.126306800 - [Player: username] [Time: 2025-01-30T13:58:28.126306800] 
2025-01-30T13:58:32.964488 - [Player: username] [Time: 2025-01-30T13:58:32.963486800] 
2025-01-30T13:58:48.175125700 - [Player: krisi] [Time: 2025-01-30T13:58:48.175125700] --card-id=9d88f
2025-01-30T13:59:03.835814500 - [Player: krisi] [Time: 2025-01-30T13:59:03.834814100] 
2025-01-30T13:59:09.303956 - [Player: krisi] [Time: 2025-01-30T13:59:09.303956] --card-id=45b0e
2025-01-30T13:59:16.728373900 - [Player: krisi] [Time: 2025-01-30T13:59:16.727330300] 
2025-01-30T13:59:21.858827800 - [Player: username] [Time: 2025-01-30T13:59:21.858827800] --card-id=9d72c
2025-01-30T13:59:25.482788600 - [Player: username] [Time: 2025-01-30T13:59:25.480773600] 
2025-01-30T13:59:40.827149700 - [Player: krisi] [Time: 2025-01-30T13:59:40.826123500] --card-id=331ac
2025-01-30T13:59:57.725535600 - [Player: krisi] [Time: 2025-01-30T13:59:57.725535600] 
2025-01-30T14:01:13.237975 - [Player: username] [Time: 2025-01-30T14:01:13.237975] --card-id=2e889
